---
source: crates/forge_domain/src/tool_result.rs
expression: result
---
---
name: test_tool
call_id: null
status: success
---
