---
source: crates/forge_domain/src/tool_result.rs
expression: result.to_string()
---
<forge_tool_result><forge_tool_name>test_tool</forge_tool_name><success><![CDATA[---
type: Generic
content: ''
---
]]></success></forge_tool_result>
