---
source: crates/forge_services/src/tools/fs/fs_write.rs
expression: normalized_result
snapshot_kind: text
---
---
path: [TEMP_DIR]/dir_a/dir_b/file.txt
operation: CREATE
total_chars: 23
---
