---
source: crates/forge_provider/src/open_router/request.rs
expression: router_message
---
{
  "role": "tool",
  "content": "---\nname: html_tool\ncall_id: 456\nstatus: success\n---\n{\n                \"html\": \"<div class=\\\"container\\\"><p>Hello <World></p></div>\",\n                \"elements\": [\"<span>\", \"<br/>\", \"<hr>\"],\n                \"attributes\": {\n                    \"style\": \"color: blue; font-size: 12px;\",\n                    \"data-test\": \"<test>&value</test>\"\n                }\n            }",
  "name": "html_tool",
  "tool_call_id": "456"
}
